// Jest Snapshot v1, https://goo.gl/fbAQLP

exports[`Index page Check if renders correctly 1`] = `
<div>
  <div>
    <header>
      <nav
        class="navbar navbar-expand-md navbar-dark"
      >
        <a
          class="navbar-brand navbar__brand"
          href="/"
        >
          <img
            alt="Icon"
            class="d-inline-block align-top rounded-circle"
            height="50"
            src="/favicon.ico"
            width="50"
          />
          <h1
            class="navbar__title"
          >
            Fernando Vaca Tamayo
          </h1>
        </a>
        <button
          aria-controls="main-navbar"
          aria-expanded="false"
          aria-label="Toggle navigation"
          class="navbar-toggler"
          data-target="#main-navbar"
          data-toggle="collapse"
          type="button"
        >
          <span
            class="navbar-toggler-icon"
          />
        </button>
        <div
          class="collapse navbar-collapse navbar__items"
          id="main-navbar"
        >
          <ul
            class="navbar-nav"
          >
            <li
              class="nav-item"
            >
              <a
                class="nav-link navbar__link"
                href="/"
              >
                Home
              </a>
            </li>
            <li
              class="nav-item"
            >
              <a
                class="nav-link navbar__link"
                href="/articles"
              >
                Articles
              </a>
            </li>
            <li
              class="nav-item"
            >
              <a
                class="nav-link navbar__link"
                href="/projects"
              >
                Projects
              </a>
            </li>
            <li
              class="nav-item"
            >
              <a
                class="nav-link navbar__link"
                href="/contact-me"
              >
                Contact me
              </a>
            </li>
          </ul>
        </div>
      </nav>
    </header>
    <div
      class="container-fluid"
    >
      <div
        class="row"
      >
        <div
          class="col-12 article"
        >
          <img
            alt="Test Article"
            class="article__cover"
            src="/img/articles/cover.jpg"
          />
          <div
            class="article__content-container"
          >
            <h1
              class="article__title"
            >
              Test Article
            </h1>
            <div
              class="article__content"
            >
              Test content
            </div>
            <div
              class="article__categories"
            >
              <i
                aria-hidden="true"
                class="fas fa-tags"
              />
              <span
                class="ml-2"
              >
                <span>
                  React JS
                </span>
                <span>
                  , 
                  Node JS
                </span>
              </span>
            </div>
          </div>
        </div>
      </div>
    </div>
    <div
      class="container-fluid"
    >
      <div
        class="full-screen-loader "
      >
        <div
          class="full-screen-loader__spinner spinner-border text-light"
          role="status"
        >
          <span
            class="sr-only"
          >
            Loading...
          </span>
        </div>
        <h3
          class="full-screen-loader__text"
        >
          Loading...
        </h3>
      </div>
      <div
        class="row comments"
      >
        <div
          class="col-12"
        >
          <h3
            class="comments__title"
          >
            Comments
          </h3>
        </div>
        <div
          class="col-12 col-lg-8"
        >
          <form>
            <input
              class="formulary__input mb-2"
              maxlength="30"
              placeholder="Enter your Name"
              required=""
              type="text"
            />
            <textarea
              class="formulary__textarea"
              maxlength="500"
              placeholder="Enter your Message"
              required=""
              rows="6"
            />
            <button
              class="submit-button mt-3"
              type="submit"
            >
              Add Comment
            </button>
          </form>
        </div>
        <div
          class="col-12 col-lg-8"
        >
          <div
            class="comment"
          >
            <p
              class="comment__name"
            >
              Test name
            </p>
            <p
              class="comment__content"
            >
              This is a test
            </p>
          </div>
          <div
            class="comment"
          >
            <p
              class="comment__name"
            >
              Test name 2
            </p>
            <p
              class="comment__content"
            >
              This is a test
            </p>
          </div>
          <div
            class="comment"
          >
            <p
              class="comment__name"
            >
              Test name 3
            </p>
            <p
              class="comment__content"
            >
              This is a test
            </p>
          </div>
        </div>
        <div
          class="col-12 col-lg-8 d-flex justify-content-center"
        >
          <button
            class="comments__load-more "
          >
            Load more comments
          </button>
        </div>
      </div>
    </div>
    <footer
      class="main-footer container-fluid mt-4"
    >
      <div
        class="full-screen-loader "
      >
        <div
          class="full-screen-loader__spinner spinner-border text-light"
          role="status"
        >
          <span
            class="sr-only"
          >
            Loading...
          </span>
        </div>
        <h3
          class="full-screen-loader__text"
        >
          Loading...
        </h3>
      </div>
      <div
        class="modal fade"
        id="-modal"
        role="dialog"
        tabindex="-1"
      >
        <div
          class="modal-dialog "
          role="document"
        >
          <div
            class="modal-content modal__content"
          >
            <div
              class="modal-header modal__header"
            >
              <h5
                class="modal__title"
              >
                Suscription confirm status
              </h5>
              <button
                aria-label="Close"
                class="close modal__button"
                data-dismiss="modal"
                type="button"
              >
                <span
                  aria-hidden="true"
                >
                  Ã—
                </span>
              </button>
            </div>
            <div
              class="modal-body modal__body"
            >
              <p />
            </div>
          </div>
        </div>
      </div>
      <div
        class="row"
      >
        <div
          class="col-12 col-sm-6 col-xl-3"
        >
          <a
            class="main-footer__brand"
            href="/"
          >
            <img
              alt="Icon"
              class="d-inline-block align-top rounded-circle"
              height="50"
              src="/favicon.ico"
              width="50"
            />
            <h3
              class="main-footer__title"
            >
              Fernando Vaca Tamayo
            </h3>
          </a>
          <div
            class="mt-4"
          >
            <h3
              class="main-footer__subtitle"
            >
              Contact Me
            </h3>
            <p>
              <i
                aria-hidden="true"
                class="fas fa-envelope main-footer__icon"
              />
              <span
                class="main-footer__text"
              >
                vacatamayo321@gmail.com
              </span>
            </p>
          </div>
        </div>
        <div
          class="col-12 col-sm-6 col-xl-3"
        >
          <h3
            class="main-footer__subtitle"
          >
            Social Networks
          </h3>
          <a
            href="https://twitter.com/FernandoVT10"
            target="_blank"
          >
            <p>
              <i
                aria-hidden="true"
                class="fab fa-twitter main-footer__icon"
              />
              <span
                class="main-footer__text"
              >
                @FernandoVT10
              </span>
            </p>
          </a>
          <a
            href="https://github.com/FernandoVT10"
            target="_blank"
          >
            <p>
              <i
                aria-hidden="true"
                class="fab fa-github main-footer__icon"
              />
              <span
                class="main-footer__text"
              >
                FernandoVT10
              </span>
            </p>
          </a>
        </div>
        <div
          class="col-12 col-sm-6 col-xl-3"
        >
          <h3
            class="main-footer__subtitle"
          >
            Description
          </h3>
          <p
            class="main-footer__description"
          >
            This blog is my personal blog xD
          </p>
        </div>
        <div
          class="col-12 col-sm-6 col-xl-3"
        >
          <h3
            class="main-footer__subtitle"
          >
            Suscribe to my blog
          </h3>
          <form>
            <div
              class="formulary__input-container"
            >
              <input
                autocomplete="email"
                class="formulary__input "
                id="-input"
                maxlength="100"
                placeholder="Enter your email"
                required=""
                type="email"
              />
              <label
                class="formulary__error-label mt-2 "
                for="-input"
              >
                <i
                  aria-hidden="true"
                  class="fas fa-info-circle mr-1"
                />
                
              </label>
            </div>
            <button
              class="submit-button mt-3"
            >
              Suscribe
            </button>
          </form>
        </div>
      </div>
    </footer>
    <script
      src="https://cdn.jsdelivr.net/npm/chart.js@2.9.3/dist/Chart.min.js"
    />
    <script
      src="https://code.jquery.com/jquery-3.4.1.slim.min.js"
    />
    <script
      src="https://cdn.jsdelivr.net/npm/popper.js@1.16.0/dist/umd/popper.min.js"
    />
    <script
      src="https://stackpath.bootstrapcdn.com/bootstrap/4.4.1/js/bootstrap.min.js"
    />
    <script
      src="https://kit.fontawesome.com/63ef8f1397.js"
    />
  </div>
</div>
`;
