// Jest Snapshot v1, https://goo.gl/fbAQLP

exports[`Contact Me page Check if renders correctly 1`] = `
<div>
  <div>
    <header>
      <nav
        class="navbar navbar-expand-md navbar-dark"
      >
        <a
          class="navbar-brand navbar__brand"
          href="/"
        >
          <img
            alt="Icon"
            class="d-inline-block align-top rounded-circle"
            height="50"
            src="/favicon.ico"
            width="50"
          />
          <h1
            class="navbar__title"
          >
            Fernando Vaca Tamayo
          </h1>
        </a>
        <button
          aria-controls="main-navbar"
          aria-expanded="false"
          aria-label="Toggle navigation"
          class="navbar-toggler"
          data-target="#main-navbar"
          data-toggle="collapse"
          type="button"
        >
          <span
            class="navbar-toggler-icon"
          />
        </button>
        <div
          class="collapse navbar-collapse navbar__items"
          id="main-navbar"
        >
          <ul
            class="navbar-nav"
          >
            <li
              class="nav-item"
            >
              <a
                class="nav-link navbar__link"
                href="/"
              >
                Home
              </a>
            </li>
            <li
              class="nav-item"
            >
              <a
                class="nav-link navbar__link"
                href="/articles"
              >
                Articles
              </a>
            </li>
            <li
              class="nav-item"
            >
              <a
                class="nav-link navbar__link"
                href="/projects"
              >
                Projects
              </a>
            </li>
            <li
              class="nav-item"
            >
              <a
                class="nav-link navbar__link"
                href="/contact-me"
              >
                Contact me
              </a>
            </li>
          </ul>
        </div>
      </nav>
    </header>
    <div
      class="full-screen-loader "
    >
      <div
        class="full-screen-loader__spinner spinner-border text-light"
        role="status"
      >
        <span
          class="sr-only"
        >
          Loading...
        </span>
      </div>
      <h3
        class="full-screen-loader__text"
      >
        Loading...
      </h3>
    </div>
    <div
      class="modal fade"
      id="-modal"
      role="dialog"
      tabindex="-1"
    >
      <div
        class="modal-dialog "
        role="document"
      >
        <div
          class="modal-content modal__content"
        >
          <div
            class="modal-header modal__header"
          >
            <h5
              class="modal__title"
            >
              Message status
            </h5>
            <button
              aria-label="Close"
              class="close modal__button"
              data-dismiss="modal"
              type="button"
            >
              <span
                aria-hidden="true"
              >
                ×
              </span>
            </button>
          </div>
          <div
            class="modal-body modal__body"
          >
            <p />
          </div>
        </div>
      </div>
    </div>
    <div
      class="body"
    >
      <div
        class="container-fluid contact-me"
      >
        <div
          class="row"
        >
          <div
            class="col-12 contact-me__who-is mt-5"
          >
            <h2
              class="title"
            >
              Who is Fernando Vaca Tamayo?
            </h2>
            <p
              class="contact-me__description"
            >
              Lorem ipsum dolor sit amet consectetur adipisicing elit. Pariatur, tenetur fugiat accusamus atque reprehenderit ratione magni adipisci quos, quod laborum, hic maxime mollitia voluptatum a nobis at! Dolorem et nemo id aspernatur doloremque minima, incidunt repellendus, fuga aperiam ut qui consequatur laboriosam, cumque rem vero magnam.
              <br />
              <br />
              Harum nihil eius atque ratione at est vero. Magni laudantium culpa earum magnam aliquid, debitis eaque fugit eos praesentium deleniti rem sapiente sint at voluptatibus eligendi repellendus repellat tempora unde sed sequi explicabo temporibus perferendis. Sint quo dolorem eos animi sapiente. Totam quisquam velit mollitia cum eaque porro dolorem pariatur, iusto, nostrum incidunt nesciunt.
              <br />
              <br />
              Lorem ipsum dolor sit amet consectetur adipisicing elit. Pariatur, tenetur fugiat accusamus atque reprehenderit ratione magni adipisci quos, quod laborum, hic maxime mollitia voluptatum a nobis at! Dolorem et nemo id aspernatur doloremque minima, incidunt repellendus, fuga aperiam ut qui consequatur laboriosam, cumque rem vero magnam.
              <br />
              <br />
              Harum nihil eius atque ratione at est vero. Magni laudantium culpa earum magnam aliquid, debitis eaque fugit eos praesentium deleniti rem sapiente sint at voluptatibus eligendi repellendus repellat tempora unde sed sequi explicabo temporibus perferendis. Sint quo dolorem eos animi sapiente. Totam quisquam velit mollitia cum eaque porro dolorem pariatur, iusto, nostrum incidunt nesciunt.
            </p>
          </div>
        </div>
        <div
          class="row contact-me__form mt-4"
        >
          <div
            class="col-6 col-lg-8"
          >
            <form>
              <h2
                class="title mb-3"
              >
                Contact Me
              </h2>
              <div
                class="formulary__input-container"
              >
                <input
                  autocomplete="email"
                  class="formulary__input "
                  id="-input"
                  maxlength="100"
                  placeholder="Enter your email"
                  required=""
                  type="email"
                />
                <label
                  class="formulary__error-label mt-2 "
                  for="-input"
                >
                  <i
                    aria-hidden="true"
                    class="fas fa-info-circle mr-1"
                  />
                  
                </label>
              </div>
              <textarea
                class="formulary__textarea mt-3"
                maxlength="500"
                placeholder="Enter your message"
                required=""
                rows="5"
              />
              <button
                class="submit-button mt-3"
              >
                Send Message
              </button>
            </form>
          </div>
        </div>
      </div>
    </div>
    <footer
      class="main-footer container-fluid mt-4"
    >
      <div
        class="full-screen-loader "
      >
        <div
          class="full-screen-loader__spinner spinner-border text-light"
          role="status"
        >
          <span
            class="sr-only"
          >
            Loading...
          </span>
        </div>
        <h3
          class="full-screen-loader__text"
        >
          Loading...
        </h3>
      </div>
      <div
        class="modal fade"
        id="-modal"
        role="dialog"
        tabindex="-1"
      >
        <div
          class="modal-dialog "
          role="document"
        >
          <div
            class="modal-content modal__content"
          >
            <div
              class="modal-header modal__header"
            >
              <h5
                class="modal__title"
              >
                Suscription confirm status
              </h5>
              <button
                aria-label="Close"
                class="close modal__button"
                data-dismiss="modal"
                type="button"
              >
                <span
                  aria-hidden="true"
                >
                  ×
                </span>
              </button>
            </div>
            <div
              class="modal-body modal__body"
            >
              <p />
            </div>
          </div>
        </div>
      </div>
      <div
        class="row"
      >
        <div
          class="col-12 col-sm-6 col-xl-3"
        >
          <a
            class="main-footer__brand"
            href="/"
          >
            <img
              alt="Icon"
              class="d-inline-block align-top rounded-circle"
              height="50"
              src="/favicon.ico"
              width="50"
            />
            <h3
              class="main-footer__title"
            >
              Fernando Vaca Tamayo
            </h3>
          </a>
          <div
            class="mt-4"
          >
            <h3
              class="main-footer__subtitle"
            >
              Contact Me
            </h3>
            <p>
              <i
                aria-hidden="true"
                class="fas fa-envelope main-footer__icon"
              />
              <span
                class="main-footer__text"
              >
                vacatamayo321@gmail.com
              </span>
            </p>
          </div>
        </div>
        <div
          class="col-12 col-sm-6 col-xl-3"
        >
          <h3
            class="main-footer__subtitle"
          >
            Social Networks
          </h3>
          <a
            href="https://twitter.com/FernandoVT10"
            target="_blank"
          >
            <p>
              <i
                aria-hidden="true"
                class="fab fa-twitter main-footer__icon"
              />
              <span
                class="main-footer__text"
              >
                @FernandoVT10
              </span>
            </p>
          </a>
          <a
            href="https://github.com/FernandoVT10"
            target="_blank"
          >
            <p>
              <i
                aria-hidden="true"
                class="fab fa-github main-footer__icon"
              />
              <span
                class="main-footer__text"
              >
                FernandoVT10
              </span>
            </p>
          </a>
        </div>
        <div
          class="col-12 col-sm-6 col-xl-3"
        >
          <h3
            class="main-footer__subtitle"
          >
            Description
          </h3>
          <p
            class="main-footer__description"
          >
            This blog is my personal blog xD
          </p>
        </div>
        <div
          class="col-12 col-sm-6 col-xl-3"
        >
          <h3
            class="main-footer__subtitle"
          >
            Suscribe to my blog
          </h3>
          <form>
            <div
              class="formulary__input-container"
            >
              <input
                autocomplete="email"
                class="formulary__input "
                id="-input"
                maxlength="100"
                placeholder="Enter your email"
                required=""
                type="email"
              />
              <label
                class="formulary__error-label mt-2 "
                for="-input"
              >
                <i
                  aria-hidden="true"
                  class="fas fa-info-circle mr-1"
                />
                
              </label>
            </div>
            <button
              class="submit-button mt-3"
            >
              Suscribe
            </button>
          </form>
        </div>
      </div>
    </footer>
    <script
      src="https://cdn.jsdelivr.net/npm/chart.js@2.9.3/dist/Chart.min.js"
    />
    <script
      src="https://code.jquery.com/jquery-3.4.1.slim.min.js"
    />
    <script
      src="https://cdn.jsdelivr.net/npm/popper.js@1.16.0/dist/umd/popper.min.js"
    />
    <script
      src="https://stackpath.bootstrapcdn.com/bootstrap/4.4.1/js/bootstrap.min.js"
    />
    <script
      src="https://kit.fontawesome.com/63ef8f1397.js"
    />
  </div>
</div>
`;
