// Jest Snapshot v1, https://goo.gl/fbAQLP

exports[`Check if <Comments/> renders correctly 1`] = `
<div
  className="comment"
>
  <p
    className="comment__name"
  >
    Test name
  </p>
  <p
    className="comment__content"
  />
</div>
`;
