// Jest Snapshot v1, https://goo.gl/fbAQLP

exports[`<ArticleFilter/> Component Check if renders correctly 1`] = `
<div>
  <footer
    class="main-footer container-fluid mt-4"
  >
    <div
      class="full-screen-loader "
    >
      <div
        class="full-screen-loader__spinner spinner-border text-light"
        role="status"
      >
        <span
          class="sr-only"
        >
          Loading...
        </span>
      </div>
      <h3
        class="full-screen-loader__text"
      >
        Loading...
      </h3>
    </div>
    <div
      class="modal fade"
      id="-modal"
      role="dialog"
      tabindex="-1"
    >
      <div
        class="modal-dialog "
        role="document"
      >
        <div
          class="modal-content modal__content"
        >
          <div
            class="modal-header modal__header"
          >
            <h5
              class="modal__title"
            >
              Suscription confirm status
            </h5>
            <button
              aria-label="Close"
              class="close modal__button"
              data-dismiss="modal"
              type="button"
            >
              <span
                aria-hidden="true"
              >
                Ã—
              </span>
            </button>
          </div>
          <div
            class="modal-body modal__body"
          >
            <p />
          </div>
        </div>
      </div>
    </div>
    <div
      class="row"
    >
      <div
        class="col-12 col-sm-6 col-xl-3"
      >
        <a
          class="main-footer__brand"
          href="/"
        >
          <img
            alt="Icon"
            class="d-inline-block align-top rounded-circle"
            height="50"
            src="/favicon.ico"
            width="50"
          />
          <h3
            class="main-footer__title"
          >
            Fernando Vaca Tamayo
          </h3>
        </a>
        <div
          class="mt-4"
        >
          <h3
            class="main-footer__subtitle"
          >
            Contact Me
          </h3>
          <p>
            <i
              aria-hidden="true"
              class="fas fa-envelope main-footer__icon"
            />
            <span
              class="main-footer__text"
            >
              vacatamayo321@gmail.com
            </span>
          </p>
        </div>
      </div>
      <div
        class="col-12 col-sm-6 col-xl-3"
      >
        <h3
          class="main-footer__subtitle"
        >
          Social Networks
        </h3>
        <a
          href="https://twitter.com/FernandoVT10"
          target="_blank"
        >
          <p>
            <i
              aria-hidden="true"
              class="fab fa-twitter main-footer__icon"
            />
            <span
              class="main-footer__text"
            >
              @FernandoVT10
            </span>
          </p>
        </a>
        <a
          href="https://github.com/FernandoVT10"
          target="_blank"
        >
          <p>
            <i
              aria-hidden="true"
              class="fab fa-github main-footer__icon"
            />
            <span
              class="main-footer__text"
            >
              FernandoVT10
            </span>
          </p>
        </a>
      </div>
      <div
        class="col-12 col-sm-6 col-xl-3"
      >
        <h3
          class="main-footer__subtitle"
        >
          Description
        </h3>
        <p
          class="main-footer__description"
        >
          This blog is my personal blog xD
        </p>
      </div>
      <div
        class="col-12 col-sm-6 col-xl-3"
      >
        <h3
          class="main-footer__subtitle"
        >
          Suscribe to my blog
        </h3>
        <form>
          <div
            class="formulary__input-container"
          >
            <input
              autocomplete="email"
              class="formulary__input "
              id="-input"
              maxlength="100"
              placeholder="Enter your email"
              required=""
              type="email"
            />
            <label
              class="formulary__error-label mt-2 "
              for="-input"
            >
              <i
                aria-hidden="true"
                class="fas fa-info-circle mr-1"
              />
              
            </label>
          </div>
          <button
            class="submit-button mt-3"
          >
            Suscribe
          </button>
        </form>
      </div>
    </div>
  </footer>
</div>
`;
