// Jest Snapshot v1, https://goo.gl/fbAQLP

exports[`Check if <FullScreenLoader/> renders correctly 1`] = `
<div
  className="full-screen-loader full-screen-loader--active"
>
  <div
    className="full-screen-loader__spinner spinner-border text-light"
    role="status"
  >
    <span
      className="sr-only"
    >
      Loading...
    </span>
  </div>
  <h3
    className="full-screen-loader__text"
  >
    Test text
  </h3>
</div>
`;
