// Jest Snapshot v1, https://goo.gl/fbAQLP

exports[`Check if <Modal/> renders correctly 1`] = `
<div
  className="modal fade"
  id="modalTest-modal"
  role="dialog"
  tabIndex="-1"
>
  <div
    className="modal-dialog modal-xl"
    role="document"
  >
    <div
      className="modal-content modal__content"
    >
      <div
        className="modal-header modal__header"
      >
        <h5
          className="modal__title"
        >
          Test modal title
        </h5>
        <button
          aria-label="Close"
          className="close modal__button"
          data-dismiss="modal"
          type="button"
        >
          <span
            aria-hidden="true"
          >
            Ã—
          </span>
        </button>
      </div>
      <div
        className="modal-body modal__body"
      >
        <p>
          Test children
        </p>
      </div>
    </div>
  </div>
</div>
`;
