// Jest Snapshot v1, https://goo.gl/fbAQLP

exports[`<Pagination/> Component Check if renders correctly 1`] = `
<div
  className="pagination"
>
  <a
    className="pagination__arrow"
    href="#"
    onClick={[Function]}
  >
    <i
      aria-hidden="true"
      className="fas fa-chevron-left"
    />
  </a>
  <ul
    className="pagination__number-container"
  >
    <li
      className="pagination__number-item"
    >
      <a
        className="pagination__number "
        href="#"
        onClick={[Function]}
      >
        2
      </a>
    </li>
    <li
      className="pagination__number-item"
    >
      <a
        className="pagination__number "
        href="#"
        onClick={[Function]}
      >
        3
      </a>
    </li>
    <li
      className="pagination__number-item"
    >
      <a
        className="pagination__number "
        href="#"
        onClick={[Function]}
      >
        4
      </a>
    </li>
    <li
      className="pagination__number-item"
    >
      <a
        className="pagination__number "
        href="#"
        onClick={[Function]}
      >
        5
      </a>
    </li>
    <li
      className="pagination__number-item"
    >
      <a
        className="pagination__number pagination__number--active"
        href="#"
        onClick={[Function]}
      >
        6
      </a>
    </li>
    <li
      className="pagination__number-item"
    >
      <a
        className="pagination__number "
        href="#"
        onClick={[Function]}
      >
        7
      </a>
    </li>
    <li
      className="pagination__number-item"
    >
      <a
        className="pagination__number "
        href="#"
        onClick={[Function]}
      >
        8
      </a>
    </li>
  </ul>
  <a
    className="pagination__arrow"
    href="#"
    onClick={[Function]}
  >
    <i
      aria-hidden="true"
      className="fas fa-chevron-right"
    />
  </a>
</div>
`;
