// Jest Snapshot v1, https://goo.gl/fbAQLP

exports[`<ProjectCard/> component Check if renders correctly 1`] = `
<div>
  <div
    class="project"
  >
    <img
      alt="Test title"
      class="project__image project__image--active"
      src="/img/projects/test-image-1.jpg"
    />
    <img
      alt="Test title"
      class="project__image "
      src="/img/projects/test-image-2.jpg"
    />
    <img
      alt="Test title"
      class="project__image "
      src="/img/projects/test-image-3.jpg"
    />
  </div>
</div>
`;
