// Jest Snapshot v1, https://goo.gl/fbAQLP

exports[`<ProjectModal/> component Check if renders correctly 1`] = `
<div>
  <div
    class="modal fade"
    id="project-modal"
    role="dialog"
    style="z-index: 1060;"
    tabindex="-1"
  >
    <div
      class="modal-dialog modal-lg"
      role="document"
    >
      <div
        class="modal-content modal__content"
      >
        <div
          class="modal-header modal__header"
        >
          <h5
            class="modal__title"
          >
            Test title
          </h5>
          <button
            aria-label="Close"
            class="close modal__button"
            data-dismiss="modal"
            type="button"
          >
            <span
              aria-hidden="true"
            >
              Ã—
            </span>
          </button>
        </div>
        <div
          class="modal-body modal__body"
        >
          <div
            class="container-fluid p-0"
          >
            <div
              class="row project-details"
            >
              <div
                class="col-12"
              >
                <div
                  class="carousel project-details__carousel slide"
                  data-ride="carousel"
                  id="projectCarousel"
                >
                  <ol
                    class="carousel-indicators"
                  >
                    <li
                      class="active"
                      data-slide-to="0"
                      data-target="#projectCarousel"
                    />
                    <li
                      class=""
                      data-slide-to="1"
                      data-target="#projectCarousel"
                    />
                    <li
                      class=""
                      data-slide-to="2"
                      data-target="#projectCarousel"
                    />
                  </ol>
                  <div
                    class="carousel-inner"
                  >
                    <div
                      class="carousel-item active"
                    >
                      <img
                        alt="Test title"
                        class="d-block w-100 project-details__carousel-image"
                        src="/img/projects/test-image-1.jpg"
                      />
                    </div>
                    <div
                      class="carousel-item "
                    >
                      <img
                        alt="Test title"
                        class="d-block w-100 project-details__carousel-image"
                        src="/img/projects/test-image-2.jpg"
                      />
                    </div>
                    <div
                      class="carousel-item "
                    >
                      <img
                        alt="Test title"
                        class="d-block w-100 project-details__carousel-image"
                        src="/img/projects/test-image-3.jpg"
                      />
                    </div>
                  </div>
                  <a
                    class="carousel-control-prev project-details__control-button"
                    data-slide="prev"
                    href="#projectCarousel"
                    role="button"
                  >
                    <span
                      aria-hidden="true"
                      class="carousel-control-prev-icon"
                    />
                    <span
                      class="sr-only"
                    >
                      Previous
                    </span>
                  </a>
                  <a
                    class="carousel-control-next  project-details__control-button"
                    data-slide="next"
                    href="#projectCarousel"
                    role="button"
                  >
                    <span
                      aria-hidden="true"
                      class="carousel-control-next-icon"
                    />
                    <span
                      class="sr-only"
                    >
                      Next
                    </span>
                  </a>
                </div>
                <p
                  class="project-details__description"
                >
                  This is a test description
                </p>
                <div
                  class="project-details__skills"
                >
                  <span
                    class="badge badge-pill project-details__skill"
                  >
                    React JS
                  </span>
                  <span
                    class="badge badge-pill project-details__skill"
                  >
                    Node JS
                  </span>
                </div>
              </div>
            </div>
          </div>
        </div>
      </div>
    </div>
  </div>
</div>
`;
