// Jest Snapshot v1, https://goo.gl/fbAQLP

exports[`Check if <ProjectsModal/> renders correctly 1`] = `
<div>
  <div
    class="modal fade"
    id="projects-modal"
    role="dialog"
    tabindex="-1"
  >
    <div
      class="modal-dialog modal-xl"
      role="document"
    >
      <div
        class="modal-content modal__content"
      >
        <div
          class="modal-header modal__header"
        >
          <h5
            class="modal__title"
          >
            React JS Projects
          </h5>
          <button
            aria-label="Close"
            class="close modal__button"
            data-dismiss="modal"
            type="button"
          >
            <span
              aria-hidden="true"
            >
              Ã—
            </span>
          </button>
        </div>
        <div
          class="modal-body modal__body"
        >
          <div
            class="container-fluid p-0"
          >
            <div
              class="row"
            >
              <div
                class="col-12 col-lg-6 mb-3"
              >
                <div
                  class="project"
                >
                  <img
                    alt="Test title"
                    class="project__image project__image--active"
                    src="/img/projects/test-image-1.jpg"
                  />
                  <img
                    alt="Test title"
                    class="project__image "
                    src="/img/projects/test-image-2.jpg"
                  />
                  <img
                    alt="Test title"
                    class="project__image "
                    src="/img/projects/test-image-3.jpg"
                  />
                </div>
              </div>
              <div
                class="col-12 col-lg-6 mb-3"
              >
                <div
                  class="project"
                >
                  <img
                    alt="Test title 2"
                    class="project__image project__image--active"
                    src="/img/projects/test-image-1.jpg"
                  />
                  <img
                    alt="Test title 2"
                    class="project__image "
                    src="/img/projects/test-image-2.jpg"
                  />
                  <img
                    alt="Test title 2"
                    class="project__image "
                    src="/img/projects/test-image-3.jpg"
                  />
                </div>
              </div>
              <div
                class="col-12 col-lg-6 mb-3"
              >
                <div
                  class="project"
                >
                  <img
                    alt="Test title 3"
                    class="project__image project__image--active"
                    src="/img/projects/test-image-1.jpg"
                  />
                  <img
                    alt="Test title 3"
                    class="project__image "
                    src="/img/projects/test-image-2.jpg"
                  />
                  <img
                    alt="Test title 3"
                    class="project__image "
                    src="/img/projects/test-image-3.jpg"
                  />
                </div>
              </div>
            </div>
          </div>
        </div>
      </div>
    </div>
  </div>
</div>
`;
